// Jest Snapshot v1, https://goo.gl/fbAQLP

exports[`CurrentProgressInputGroup test should match snapshot 1`] = `
<Styled(MuiBox)>
  <WithStyles(ForwardRef(Typography))
    variant="h4"
  >
    Current Progress
  </WithStyles(ForwardRef(Typography))>
  <Styled(MuiBox)
    className="makeStyles-inputGrid-1"
    mt={2}
  >
    <div
      className="makeStyles-inputIconLabel-2"
    >
      <WithStyles(ForwardRef(Avatar))
        alt="Sync"
        src="https://www.mousehuntgame.com/images/ui/hud/rift_valour/power_up_stamina.png"
        variant="rounded"
      />
    </div>
    <div
      className="makeStyles-inputField-3"
    >
      <InitialSyncInput
        fullWidth={true}
        onChange={[Function]}
        value={100}
      />
    </div>
    <div
      className="makeStyles-inputAdornment-4"
    >
      <WithStyles(ForwardRef(Tooltip))
        title="If you are upgrading Sync during the run, use the final Sync level."
      >
        <InfoOutlinedIcon />
      </WithStyles(ForwardRef(Tooltip))>
    </div>
    <div
      className="makeStyles-inputField-3"
    >
      <HuntsLeftInput
        fullWidth={true}
        onChange={[Function]}
        value={100}
      />
    </div>
    <div
      className="makeStyles-inputField-3"
    >
      <StepsInput
        fullWidth={true}
        onChange={[Function]}
        value={0}
      />
    </div>
  </Styled(MuiBox)>
  <Styled(MuiBox)
    display="flex"
    flexDirection="row-reverse"
    mt={2}
  >
    <WithStyles(ForwardRef(Button))
      id="btn-reset-run"
      onClick={[Function]}
      variant="outlined"
    >
      Reset Progress
    </WithStyles(ForwardRef(Button))>
  </Styled(MuiBox)>
</Styled(MuiBox)>
`;
