// Jest Snapshot v1, https://goo.gl/fbAQLP

exports[`IntegerInput test should match snapshot 1`] = `
<WithStyles(ForwardRef(TextField))
  inputProps={
    Object {
      "max": Infinity,
      "min": -Infinity,
    }
  }
  onBlur={[Function]}
  onChange={[Function]}
  type="number"
  value=""
  variant="outlined"
/>
`;
